// Jest Snapshot v1, https://goo.gl/fbAQLP

exports[`Buttton renders correctly 1`] = `
<button
  disabled={false}
  onClick={[Function]}
  style={Object {}}
>
  My button
</button>
`;
