// Jest Snapshot v1, https://goo.gl/fbAQLP

exports[`App should render correctly 1`] = `
ShallowWrapper {
  Symbol(enzyme.__root__): [Circular],
  Symbol(enzyme.__unrendered__): <App />,
  Symbol(enzyme.__renderer__): Object {
    "batchedUpdates": [Function],
    "checkPropTypes": [Function],
    "getNode": [Function],
    "render": [Function],
    "simulateError": [Function],
    "simulateEvent": [Function],
    "unmount": [Function],
  },
  Symbol(enzyme.__node__): Object {
    "instance": null,
    "key": undefined,
    "nodeType": "function",
    "props": Object {
      "children": <TabComponent>
        <StopWatch
          title="Stop Watch"
        />
        <p
          title="Test"
        >
          Panel content - Test
        </p>
      </TabComponent>,
      "style": Object {
        "marginTop": "75px",
      },
    },
    "ref": null,
    "rendered": Object {
      "instance": null,
      "key": undefined,
      "nodeType": "class",
      "props": Object {
        "children": Array [
          <StopWatch
            title="Stop Watch"
          />,
          <p
            title="Test"
          >
            Panel content - Test
          </p>,
        ],
      },
      "ref": null,
      "rendered": Array [
        Object {
          "instance": null,
          "key": undefined,
          "nodeType": "class",
          "props": Object {
            "title": "Stop Watch",
          },
          "ref": null,
          "rendered": null,
          "type": [Function],
        },
        Object {
          "instance": null,
          "key": undefined,
          "nodeType": "host",
          "props": Object {
            "children": "Panel content - Test",
            "title": "Test",
          },
          "ref": null,
          "rendered": "Panel content - Test",
          "type": "p",
        },
      ],
      "type": [Function],
    },
    "type": Object {
      "$$typeof": Symbol(react.forward_ref),
      "defaultProps": undefined,
      "propTypes": undefined,
      "render": [Function],
    },
  },
  Symbol(enzyme.__nodes__): Array [
    Object {
      "instance": null,
      "key": undefined,
      "nodeType": "function",
      "props": Object {
        "children": <TabComponent>
          <StopWatch
            title="Stop Watch"
          />
          <p
            title="Test"
          >
            Panel content - Test
          </p>
        </TabComponent>,
        "style": Object {
          "marginTop": "75px",
        },
      },
      "ref": null,
      "rendered": Object {
        "instance": null,
        "key": undefined,
        "nodeType": "class",
        "props": Object {
          "children": Array [
            <StopWatch
              title="Stop Watch"
            />,
            <p
              title="Test"
            >
              Panel content - Test
            </p>,
          ],
        },
        "ref": null,
        "rendered": Array [
          Object {
            "instance": null,
            "key": undefined,
            "nodeType": "class",
            "props": Object {
              "title": "Stop Watch",
            },
            "ref": null,
            "rendered": null,
            "type": [Function],
          },
          Object {
            "instance": null,
            "key": undefined,
            "nodeType": "host",
            "props": Object {
              "children": "Panel content - Test",
              "title": "Test",
            },
            "ref": null,
            "rendered": "Panel content - Test",
            "type": "p",
          },
        ],
        "type": [Function],
      },
      "type": Object {
        "$$typeof": Symbol(react.forward_ref),
        "defaultProps": undefined,
        "propTypes": undefined,
        "render": [Function],
      },
    },
  ],
  Symbol(enzyme.__options__): Object {
    "adapter": ReactSixteenAdapter {
      "options": Object {
        "enableComponentDidUpdateOnSetState": true,
        "legacyContextMode": "parent",
        "lifecycles": Object {
          "componentDidUpdate": Object {
            "onSetState": true,
          },
          "getChildContext": Object {
            "calledByRenderer": false,
          },
          "getDerivedStateFromProps": Object {
            "hasShouldComponentUpdateBug": false,
          },
          "getSnapshotBeforeUpdate": true,
          "setState": Object {
            "skipsComponentDidUpdateOnNullish": true,
          },
        },
      },
    },
  },
  Symbol(enzyme.__childContext__): null,
}
`;
